---
source: crates/codemark-tui/tests/browser_e2e.rs
expression: "render_to_string(&layout, 100, 30)"
---
╭──────────────────────────────────────╮╭──Content  Info  Query ───────────────────────────────────╮
│ Search...              [ FTS | Sem ] ││ src/main.rs                                              │
╰──────────────────────────────────────╯│   1 fn main() {                                          │
╭──Repos  Owners  Auth ────────────────╮│   2     println!("hi");                                  │
│                                      ││   3 }                                                    │
│                                      ││                                                          │
│                                      ││                                                          │
│                                      ││                                                          │
│                                      ││                                                          │
╰──────────────────────────────────────╯│                                                          │
╭──Tags ───────────────────────────────╮│                                                          │
│  No tags found                       ││                                                          │
│                                      ││                                                          │
│                                      ││                                                          │
│                                      ││                                                          │
│                                      ││                                                          │
╰────────────────────────────── 1 of 1 ╯│                                                          │
╭──Bookmarks  Collections ─────────────╮│                                                          │
│  ● src/main.rs fn main               ││                                                          │
│  ● src/config.rs struct Config       ││                                                          │
│                                      ││                                                          │
│                                      ││                                                          │
│                                      │╰──────────────────────────────────────────────────────────╯
│                                      │╭──Details  Comments ──────────────────────────────────────╮
│                                      ││                                                          │
│                                      ││                                                          │
│                                      ││                                                          │
│                                      ││                                                          │
│                                      ││                                                          │
╰────────────────────────────── 1 of 2 ╯╰──────────────────────────────────────────────────────────╯
