---
source: crates/codemark-tui/tests/browser_e2e.rs
expression: "render_to_string(&layout, 100, 30)"
---
╭──────────────────────────────────────╮╭──Content  Info  Query ───────────────────────────────────╮
│ Search...              [ FTS | Sem ] ││                                                          │
╰──────────────────────────────────────╯│                                                          │
╭──Repos  Owners  Auth ────────────────╮│                                                          │
│                                      ││                                                          │
│                                      ││                                                          │
│                                      ││                                                          │
│                                      ││                                                          │
│                                      ││                                                          │
│                                      ││                                                          │
│                                      ││                                                          │
╰──────────────────────────────────────╯│                                                          │
╭──Tags ───────────────────────────────╮│                                                          │
│  No tags found                       ││                                                          │
│                                      ││                                                          │
│                                      ││                                                          │
│                                      ││                                                          │
│                                      ││                                                          │
╰────────────────────────────── 1 of 1 ╯│                                                          │
╭──Bookmarks  Collections  Tours ──────╮│                                                          │
│                                      ││                                                          │
│                                      ││                                                          │
│                                      │╰──────────────────────────────────────────────────────────╯
│                                      │╭──Details─────────────────────────────────────────────────╮
│                                      ││                                                          │
│                                      ││                                                          │
│                                      ││                                                          │
│                                      ││                                                          │
│                                      ││                                                          │
╰──────────────────────────────────────╯╰──────────────────────────────────────────────────────────╯
