---
source: crates/codemark-tui/tests/browser_e2e.rs
assertion_line: 258
expression: "render_to_string(&layout, 100, 30)"
---
╭──────────────────────────────────────╮╭──Content  Info  Query ───────────────────────────────[4]─╮
│ Search...              [ FTS | Sem ] ││                                                          │
╰──────────────────────────────────────╯│                                                          │
╭──Repos  Owners  Auth ────────────[1]─╮│                                                          │
│                                      ││                                                          │
│                                      ││                                                          │
│                                      ││                                                          │
│                                      ││                                                          │
│                                      ││                                                          │
│                                      ││                                                          │
│                                      ││                                                          │
╰──────────────────────────────────────╯│                                                          │
╭──Tags ───────────────────────────[2]─╮│                                                          │
│  No tags found                       ││                                                          │
│                                      ││                                                          │
│                                      ││                                                          │
│                                      ││                                                          │
│                                      ││                                                          │
╰────────────────────────────── 1 of 1 ╯│                                                          │
╭──Bookmarks  Collections ──────  [3]─╮│                                                          │
│                                      ││                                                          │
│                                      ││                                                          │
│                                      │╰──────────────────────────────────────────────────────────╯
│                                      │╭──Details  Comments ──────────────────────────────────[5]─╮
│                                      ││                                                          │
│                                      ││                                                          │
│                                      ││                                                          │
│                                      ││                                                          │
│                                      ││                                                          │
╰──────────────────────────────────────╯╰──────────────────────────────────────────────────────────╯
