---
source: tests/query_snapshots.rs
expression: result.query
---
(class_declaration
  (class_body
    (function_declaration
      name: (simple_identifier) @name0
      (#eq? @name0 "update")
      (function_body
        (statements
          (call_expression
            (call_suffix
              (lambda_literal
                (statements
                  (property_declaration
                    (value_binding_pattern) @target))))))))))
