---
source: tests/query_snapshots.rs
expression: result.query
---
(function_declaration
  name: (simple_identifier) @name0
  (#eq? @name0 "update")
  (function_body
    (statements
      (call_expression
        (call_suffix
          (lambda_literal
            (statements
              (guard_statement
                ((simple_identifier) @target
                  (#eq? @target "self"))))))))))
