---
source: tests/query_snapshots.rs
expression: result.query
---
(function_declaration
  name: (simple_identifier) @name0
  (#eq? @name0 "update")
  (function_body
    (statements
      (call_expression
        (call_suffix
          (lambda_literal
            (statements
              ((property_declaration
                name: (pattern) @fn_name
                (#eq? @fn_name "result")) @target))))))))
