---
source: tests/query_snapshots.rs
expression: result.query
---
(class_declaration
  (class_body
    (function_declaration
      name: (simple_identifier) @name0
      (#eq? @name0 "update")
      (function_body
        (statements
          (call_expression
            (navigation_expression
              ((simple_identifier) @fn_name @target
                (#eq? @fn_name "queue")))))))))
