---
source: crates/codemark-core/tests/breadcrumb_snapshots.rs
expression: "serde_json::json!({ \"breadcrumbs\": breadcrumbs, \"preview_lines\": preview })"
---
breadcrumbs:
  - line: 16
    text: "export class AuthService {"
  - line: 27
    text: "  async validateToken(token: string): Promise<Claims> {"
preview_lines: this.tokenCache
