---
source: crates/codemark-core/tests/breadcrumb_snapshots.rs
expression: "serde_json::json!({ \"breadcrumbs\": breadcrumbs, \"preview_lines\": preview })"
---
breadcrumbs:
  - line: 37
    text: "impl AuthService {"
  - line: 47
    text: "    fn decode(&self, token: &str) -> Result<Claims, AuthError> {"
preview_lines: "{\n            return Err(AuthError::InvalidToken);\n        }"
